// Jest Snapshot v1, https://goo.gl/fbAQLP

exports[`Contact Us Page Contact Us to match snapshot 1`] = `
<Fragment>
  <Head>
    <title>
      ติดต่อเรา
    </title>
  </Head>
  <CommonLayout
    header="ติดต่อเรา"
    headerBackgroundImage="/images/contact_us_bg_header.png"
    navigate={
      Array [
        Object {
          "link": "/",
          "title": "หนัาหลัก",
        },
        Object {
          "link": "/contact-us",
          "title": "ติดต่อเรา",
        },
      ]
    }
  >
    <Container>
      <styled__ContactSection>
        <styled__StyledRow>
          <Col
            span={12}
          >
            <styled__StyledRow>
              <Heading
                color="#4A60AC"
                variant="h2"
              >
                ที่อยู่
              </Heading>
              <styled__Address>
                
ภาควิชาวิศวกรรมคอมพิวเตอร์ คณะวิศวกรรมศาสตร์ 
ชั้น 10-11, อาคารวิศววัฒนะ,
มหาวิทยาลัยเทคโนโลยีพระจอมเกล้าธนบุรี 126 ถนนประชาอุทิศ แขวงบางมด
เขตทุ่งครุ กรุงเทพฯ 10140

              </styled__Address>
            </styled__StyledRow>
            <styled__StyledRow>
              <Heading
                color="#4A60AC"
                variant="h2"
              >
                ติดต่อ
              </Heading>
              <styled__ContactDetail>
                <p>
                  (+66) 0 2470 9388
                </p>
                <p>
                  nongyao.jam@mail.kmutt.ac.th
                </p>
              </styled__ContactDetail>
            </styled__StyledRow>
          </Col>
          <Col
            span={12}
          >
            <iframe
              height="300"
              loading="lazy"
              src="https://www.google.com/maps/embed?pb=!1m18!1m12!1m3!1d1630.1330306733955!2d100.49378030791785!3d13.649757914204436!2m3!1f0!2f0!3f0!3m2!1i1024!2i768!4f13.1!3m3!1m2!1s0x30e2a252224fdc01%3A0xdb5f69b03ef7ef07!2sComputer%20Engineering%20Department%2C%20KMUTT!5e0!3m2!1sen!2sth!4v1649610824894!5m2!1sen!2sth"
              style={
                Object {
                  "border": 0,
                }
              }
              title="KMUTT CPE"
              width="100%"
            />
          </Col>
        </styled__StyledRow>
      </styled__ContactSection>
    </Container>
    <BadgeContactSection />
  </CommonLayout>
</Fragment>
`;
